kotlin version: 2.1.0
error message: org.jetbrains.kotlin.backend.common.BackendException: Backend Internal error: Exception during IR lowering
File being compiled: /Users/cbbathaglini/Documents/SERPRO/identidadedescentralizada/aries-framework-kotlin-pv/ariesframework/src/main/java/org/hyperledger/ariesframework/credentials/repository/CredentialExchangeRecord.kt
The root cause java.lang.RuntimeException was thrown at: org.jetbrains.kotlin.backend.jvm.codegen.FunctionCodegen.generate(FunctionCodegen.kt:48)
	at org.jetbrains.kotlin.backend.common.CodegenUtil.reportBackendException(CodegenUtil.kt:253)
	at org.jetbrains.kotlin.backend.common.CodegenUtil.reportBackendException$default(CodegenUtil.kt:236)
	at org.jetbrains.kotlin.backend.common.phaser.PerformByIrFilePhase.invokeSequential(performByIrFile.kt:55)
	at org.jetbrains.kotlin.backend.common.phaser.PerformByIrFilePhase.invoke(performByIrFile.kt:42)
	at org.jetbrains.kotlin.backend.common.phaser.PerformByIrFilePhase.invoke(performByIrFile.kt:28)
	at org.jetbrains.kotlin.backend.common.phaser.NamedCompilerPhase.phaseBody(CompilerPhase.kt:166)
	at org.jetbrains.kotlin.backend.common.phaser.AbstractNamedCompilerPhase.invoke(CompilerPhase.kt:113)
	at org.jetbrains.kotlin.backend.common.phaser.CompositePhase.invoke(PhaseBuilders.kt:27)
	at org.jetbrains.kotlin.backend.common.phaser.CompositePhase.invoke(PhaseBuilders.kt:14)
	at org.jetbrains.kotlin.backend.common.phaser.NamedCompilerPhase.phaseBody(CompilerPhase.kt:166)
	at org.jetbrains.kotlin.backend.common.phaser.AbstractNamedCompilerPhase.invoke(CompilerPhase.kt:113)
	at org.jetbrains.kotlin.backend.common.phaser.CompilerPhaseKt.invokeToplevel(CompilerPhase.kt:62)
	at org.jetbrains.kotlin.backend.jvm.JvmIrCodegenFactory.invokeCodegen(JvmIrCodegenFactory.kt:371)
	at org.jetbrains.kotlin.codegen.CodegenFactory.generateModule(CodegenFactory.kt:47)
	at org.jetbrains.kotlin.backend.jvm.JvmIrCodegenFactory.generateModuleInFrontendIRMode(JvmIrCodegenFactory.kt:433)
	at org.jetbrains.kotlin.cli.jvm.compiler.pipeline.JvmCompilerPipelineKt.generateCodeFromIr(jvmCompilerPipeline.kt:192)
	at org.jetbrains.kotlin.cli.jvm.compiler.pipeline.JvmCompilerPipelineKt.runBackend(jvmCompilerPipeline.kt:80)
	at org.jetbrains.kotlin.cli.jvm.compiler.pipeline.JvmCompilerPipelineLightTreeKt.compileModule(jvmCompilerPipelineLightTree.kt:264)
	at org.jetbrains.kotlin.cli.jvm.compiler.pipeline.JvmCompilerPipelineLightTreeKt.compileSingleModuleUsingFrontendIrAndLightTree(jvmCompilerPipelineLightTree.kt:231)
	at org.jetbrains.kotlin.cli.jvm.compiler.pipeline.JvmCompilerPipelineLightTreeKt.compileModulesUsingFrontendIrAndLightTree(jvmCompilerPipelineLightTree.kt:86)
	at org.jetbrains.kotlin.cli.jvm.K2JVMCompiler.doExecute(K2JVMCompiler.kt:146)
	at org.jetbrains.kotlin.cli.jvm.K2JVMCompiler.doExecute(K2JVMCompiler.kt:43)
	at org.jetbrains.kotlin.cli.common.CLICompiler.execImpl(CLICompiler.kt:102)
	at org.jetbrains.kotlin.cli.common.CLICompiler.exec(CLICompiler.kt:316)
	at org.jetbrains.kotlin.incremental.IncrementalJvmCompilerRunner.runCompiler(IncrementalJvmCompilerRunner.kt:464)
	at org.jetbrains.kotlin.incremental.IncrementalJvmCompilerRunner.runCompiler(IncrementalJvmCompilerRunner.kt:73)
	at org.jetbrains.kotlin.incremental.IncrementalCompilerRunner.doCompile(IncrementalCompilerRunner.kt:506)
	at org.jetbrains.kotlin.incremental.IncrementalCompilerRunner.compileImpl(IncrementalCompilerRunner.kt:423)
	at org.jetbrains.kotlin.incremental.IncrementalCompilerRunner.tryCompileIncrementally$lambda$9$compile(IncrementalCompilerRunner.kt:249)
	at org.jetbrains.kotlin.incremental.IncrementalCompilerRunner.tryCompileIncrementally(IncrementalCompilerRunner.kt:267)
	at org.jetbrains.kotlin.incremental.IncrementalCompilerRunner.compile(IncrementalCompilerRunner.kt:120)
	at org.jetbrains.kotlin.daemon.CompileServiceImplBase.execIncrementalCompiler(CompileServiceImpl.kt:674)
	at org.jetbrains.kotlin.daemon.CompileServiceImplBase.access$execIncrementalCompiler(CompileServiceImpl.kt:91)
	at org.jetbrains.kotlin.daemon.CompileServiceImpl.compile(CompileServiceImpl.kt:1659)
	at jdk.internal.reflect.GeneratedMethodAccessor12.invoke(Unknown Source)
	at java.base/jdk.internal.reflect.DelegatingMethodAccessorImpl.invoke(DelegatingMethodAccessorImpl.java:43)
	at java.base/java.lang.reflect.Method.invoke(Method.java:569)
	at java.rmi/sun.rmi.server.UnicastServerRef.dispatch(UnicastServerRef.java:360)
	at java.rmi/sun.rmi.transport.Transport$1.run(Transport.java:200)
	at java.rmi/sun.rmi.transport.Transport$1.run(Transport.java:197)
	at java.base/java.security.AccessController.doPrivileged(AccessController.java:712)
	at java.rmi/sun.rmi.transport.Transport.serviceCall(Transport.java:196)
	at java.rmi/sun.rmi.transport.tcp.TCPTransport.handleMessages(TCPTransport.java:587)
	at java.rmi/sun.rmi.transport.tcp.TCPTransport$ConnectionHandler.run0(TCPTransport.java:828)
	at java.rmi/sun.rmi.transport.tcp.TCPTransport$ConnectionHandler.lambda$run$0(TCPTransport.java:705)
	at java.base/java.security.AccessController.doPrivileged(AccessController.java:399)
	at java.rmi/sun.rmi.transport.tcp.TCPTransport$ConnectionHandler.run(TCPTransport.java:704)
	at java.base/java.util.concurrent.ThreadPoolExecutor.runWorker(ThreadPoolExecutor.java:1136)
	at java.base/java.util.concurrent.ThreadPoolExecutor$Worker.run(ThreadPoolExecutor.java:635)
	at java.base/java.lang.Thread.run(Thread.java:840)
Caused by: java.lang.RuntimeException: Exception while generating code for:
CONSTRUCTOR KOTLINX_SERIALIZATION visibility:internal <> (seen0:kotlin.Int, metadata:kotlin.collections.MutableMap<kotlin.String, kotlinx.serialization.json.JsonElement>?, id:kotlin.String?, _tags:kotlin.collections.Map<kotlin.String, kotlin.String>?, createdAt:kotlinx.datetime.Instant?, updatedAt:kotlinx.datetime.Instant?, connectionId:kotlin.String?, threadId:kotlin.String?, parentThreadId:kotlin.String?, state:org.hyperledger.ariesframework.credentials.models.CredentialState?, autoAcceptCredential:org.hyperledger.ariesframework.credentials.v1.models.AutoAcceptCredential?, errorMessage:kotlin.String?, protocolVersion:kotlin.String?, credentials:kotlin.collections.MutableList<org.hyperledger.ariesframework.credentials.repository.CredentialRecordBinding>?, credentialAttributes:kotlin.collections.List<org.hyperledger.ariesframework.credentials.models.CredentialPreviewAttribute>?, indyRequestMetadata:kotlin.String?, credentialDefinitionId:kotlin.String?, schemaId:kotlin.String?, schemaName:kotlin.String?, schemaVersion:kotlin.String?, schemaIssuerId:kotlin.String?, revRegId:kotlin.String?, revRegDefId:kotlin.String?, role:org.hyperledger.ariesframework.credentials.models.CredentialRole?, revocationNotification:org.hyperledger.ariesframework.revocationnotification.model.RevocationNotification?, formats:kotlin.collections.List<org.hyperledger.ariesframework.credentials.v2.models.Format>?, serializationConstructorMarker:kotlinx.serialization.internal.SerializationConstructorMarker?) returnType:org.hyperledger.ariesframework.credentials.repository.CredentialExchangeRecord
  VALUE_PARAMETER KOTLINX_SERIALIZATION name:seen0 index:0 type:kotlin.Int
  VALUE_PARAMETER KOTLINX_SERIALIZATION name:metadata index:1 type:kotlin.collections.MutableMap<kotlin.String, kotlinx.serialization.json.JsonElement>?
  VALUE_PARAMETER KOTLINX_SERIALIZATION name:id index:2 type:kotlin.String?
  VALUE_PARAMETER KOTLINX_SERIALIZATION name:_tags index:3 type:kotlin.collections.Map<kotlin.String, kotlin.String>?
  VALUE_PARAMETER KOTLINX_SERIALIZATION name:createdAt index:4 type:kotlinx.datetime.Instant?
  VALUE_PARAMETER KOTLINX_SERIALIZATION name:updatedAt index:5 type:kotlinx.datetime.Instant?
  VALUE_PARAMETER KOTLINX_SERIALIZATION name:connectionId index:6 type:kotlin.String?
  VALUE_PARAMETER KOTLINX_SERIALIZATION name:threadId index:7 type:kotlin.String?
  VALUE_PARAMETER KOTLINX_SERIALIZATION name:parentThreadId index:8 type:kotlin.String?
  VALUE_PARAMETER KOTLINX_SERIALIZATION name:state index:9 type:org.hyperledger.ariesframework.credentials.models.CredentialState?
  VALUE_PARAMETER KOTLINX_SERIALIZATION name:autoAcceptCredential index:10 type:org.hyperledger.ariesframework.credentials.v1.models.AutoAcceptCredential?
  VALUE_PARAMETER KOTLINX_SERIALIZATION name:errorMessage index:11 type:kotlin.String?
  VALUE_PARAMETER KOTLINX_SERIALIZATION name:protocolVersion index:12 type:kotlin.String?
  VALUE_PARAMETER KOTLINX_SERIALIZATION name:credentials index:13 type:kotlin.collections.MutableList<org.hyperledger.ariesframework.credentials.repository.CredentialRecordBinding>?
  VALUE_PARAMETER KOTLINX_SERIALIZATION name:credentialAttributes index:14 type:kotlin.collections.List<org.hyperledger.ariesframework.credentials.models.CredentialPreviewAttribute>?
  VALUE_PARAMETER KOTLINX_SERIALIZATION name:indyRequestMetadata index:15 type:kotlin.String?
  VALUE_PARAMETER KOTLINX_SERIALIZATION name:credentialDefinitionId index:16 type:kotlin.String?
  VALUE_PARAMETER KOTLINX_SERIALIZATION name:schemaId index:17 type:kotlin.String?
  VALUE_PARAMETER KOTLINX_SERIALIZATION name:schemaName index:18 type:kotlin.String?
  VALUE_PARAMETER KOTLINX_SERIALIZATION name:schemaVersion index:19 type:kotlin.String?
  VALUE_PARAMETER KOTLINX_SERIALIZATION name:schemaIssuerId index:20 type:kotlin.String?
  VALUE_PARAMETER KOTLINX_SERIALIZATION name:revRegId index:21 type:kotlin.String?
  VALUE_PARAMETER KOTLINX_SERIALIZATION name:revRegDefId index:22 type:kotlin.String?
  VALUE_PARAMETER KOTLINX_SERIALIZATION name:role index:23 type:org.hyperledger.ariesframework.credentials.models.CredentialRole?
  VALUE_PARAMETER KOTLINX_SERIALIZATION name:revocationNotification index:24 type:org.hyperledger.ariesframework.revocationnotification.model.RevocationNotification?
  VALUE_PARAMETER KOTLINX_SERIALIZATION name:formats index:25 type:kotlin.collections.List<org.hyperledger.ariesframework.credentials.v2.models.Format>?
  VALUE_PARAMETER KOTLINX_SERIALIZATION name:serializationConstructorMarker index:26 type:kotlinx.serialization.internal.SerializationConstructorMarker?
  BLOCK_BODY
    WHEN type=kotlin.Unit origin=null
      BRANCH
        if: CALL 'public final fun not (): kotlin.Boolean [operator] declared in kotlin.Boolean' type=kotlin.Boolean origin=EXCLEQ
          $this: CALL 'public final fun EQEQ (arg0: kotlin.Any?, arg1: kotlin.Any?): kotlin.Boolean declared in kotlin.internal.ir' type=kotlin.Boolean origin=EXCLEQ
            arg0: CONST Int type=kotlin.Int value=2400
            arg1: CALL 'public final fun and (other: kotlin.Int): kotlin.Int [infix] declared in kotlin.Int' type=kotlin.Int origin=null
              $this: CONST Int type=kotlin.Int value=2400
              other: GET_VAR 'seen0: kotlin.Int declared in org.hyperledger.ariesframework.credentials.repository.CredentialExchangeRecord.<init>' type=kotlin.Int origin=null
        then: CALL 'public final fun throwMissingFieldException (seen: kotlin.Int, goldenMask: kotlin.Int, descriptor: kotlinx.serialization.descriptors.SerialDescriptor): kotlin.Unit declared in kotlinx.serialization.internal.PluginExceptionsKt' type=kotlin.Unit origin=null
          seen: GET_VAR 'seen0: kotlin.Int declared in org.hyperledger.ariesframework.credentials.repository.CredentialExchangeRecord.<init>' type=kotlin.Int origin=null
          goldenMask: CONST Int type=kotlin.Int value=2400
          descriptor: CALL 'public final fun <get-descriptor> (): kotlinx.serialization.descriptors.SerialDescriptor declared in org.hyperledger.ariesframework.credentials.repository.CredentialExchangeRecord.$serializer' type=kotlinx.serialization.descriptors.SerialDescriptor origin=GET_PROPERTY
            $this: GET_FIELD 'FIELD FIELD_FOR_OBJECT_INSTANCE name:INSTANCE type:org.hyperledger.ariesframework.credentials.repository.CredentialExchangeRecord.$serializer visibility:public [final,static] declared in org.hyperledger.ariesframework.credentials.repository.CredentialExchangeRecord.$serializer' type=org.hyperledger.ariesframework.credentials.repository.CredentialExchangeRecord.$serializer origin=null
    DELEGATING_CONSTRUCTOR_CALL 'public constructor <init> (seen0: kotlin.Int, logger: org.slf4j.Logger?, metadata: kotlin.collections.MutableMap<kotlin.String, kotlinx.serialization.json.JsonElement>?, serializationConstructorMarker: kotlinx.serialization.internal.SerializationConstructorMarker?) declared in org.hyperledger.ariesframework.storage.BaseRecord'
      seen0: GET_VAR 'seen0: kotlin.Int declared in org.hyperledger.ariesframework.credentials.repository.CredentialExchangeRecord.<init>' type=kotlin.Int origin=null
      logger: GET_VAR 'metadata: kotlin.collections.MutableMap<kotlin.String, kotlinx.serialization.json.JsonElement>? declared in org.hyperledger.ariesframework.credentials.repository.CredentialExchangeRecord.<init>' type=kotlin.collections.MutableMap<kotlin.String, kotlinx.serialization.json.JsonElement>? origin=null
      metadata: GET_VAR 'serializationConstructorMarker: kotlinx.serialization.internal.SerializationConstructorMarker? declared in org.hyperledger.ariesframework.credentials.repository.CredentialExchangeRecord.<init>' type=kotlinx.serialization.internal.SerializationConstructorMarker? origin=null
    WHEN type=kotlin.Unit origin=null
      BRANCH
        if: CALL 'public final fun EQEQ (arg0: kotlin.Any?, arg1: kotlin.Any?): kotlin.Boolean declared in kotlin.internal.ir' type=kotlin.Boolean origin=EQEQ
          arg0: CONST Int type=kotlin.Int value=0
          arg1: CALL 'public final fun and (other: kotlin.Int): kotlin.Int [infix] declared in kotlin.Int' type=kotlin.Int origin=null
            $this: GET_VAR 'seen0: kotlin.Int declared in org.hyperledger.ariesframework.credentials.repository.CredentialExchangeRecord.<init>' type=kotlin.Int origin=null
            other: CONST Int type=kotlin.Int value=2
        then: SET_FIELD 'FIELD PROPERTY_BACKING_FIELD name:id type:kotlin.String visibility:private' type=kotlin.Unit origin=null
          receiver: GET_VAR '<this>: org.hyperledger.ariesframework.credentials.repository.CredentialExchangeRecord declared in org.hyperledger.ariesframework.credentials.repository.CredentialExchangeRecord' type=org.hyperledger.ariesframework.credentials.repository.CredentialExchangeRecord origin=null
          value: CALL 'public final fun generateId (): kotlin.String declared in org.hyperledger.ariesframework.storage.BaseRecord.Companion' type=kotlin.String origin=null
            $this: GET_FIELD 'FIELD FIELD_FOR_OBJECT_INSTANCE name:Companion type:org.hyperledger.ariesframework.storage.BaseRecord.Companion visibility:public [final,static] declared in org.hyperledger.ariesframework.storage.BaseRecord' type=org.hyperledger.ariesframework.storage.BaseRecord.Companion origin=null
      BRANCH
        if: CONST Boolean type=kotlin.Boolean value=true
        then: SET_FIELD 'FIELD PROPERTY_BACKING_FIELD name:id type:kotlin.String visibility:private' type=kotlin.Unit origin=null
          receiver: GET_VAR '<this>: org.hyperledger.ariesframework.credentials.repository.CredentialExchangeRecord declared in org.hyperledger.ariesframework.credentials.repository.CredentialExchangeRecord' type=org.hyperledger.ariesframework.credentials.repository.CredentialExchangeRecord origin=null
          value: GET_VAR 'id: kotlin.String? declared in org.hyperledger.ariesframework.credentials.repository.CredentialExchangeRecord.<init>' type=kotlin.String? origin=null
    WHEN type=kotlin.Unit origin=null
      BRANCH
        if: CALL 'public final fun EQEQ (arg0: kotlin.Any?, arg1: kotlin.Any?): kotlin.Boolean declared in kotlin.internal.ir' type=kotlin.Boolean origin=EQEQ
          arg0: CONST Int type=kotlin.Int value=0
          arg1: CALL 'public final fun and (other: kotlin.Int): kotlin.Int [infix] declared in kotlin.Int' type=kotlin.Int origin=null
            $this: GET_VAR 'seen0: kotlin.Int declared in org.hyperledger.ariesframework.credentials.repository.CredentialExchangeRecord.<init>' type=kotlin.Int origin=null
            other: CONST Int type=kotlin.Int value=4
        then: SET_FIELD 'FIELD PROPERTY_BACKING_FIELD name:_tags type:kotlin.collections.Map<kotlin.String, kotlin.String>? visibility:private' type=kotlin.Unit origin=null
          receiver: GET_VAR '<this>: org.hyperledger.ariesframework.credentials.repository.CredentialExchangeRecord declared in org.hyperledger.ariesframework.credentials.repository.CredentialExchangeRecord' type=org.hyperledger.ariesframework.credentials.repository.CredentialExchangeRecord origin=null
          value: CONST Null type=kotlin.Nothing? value=null
      BRANCH
        if: CONST Boolean type=kotlin.Boolean value=true
        then: SET_FIELD 'FIELD PROPERTY_BACKING_FIELD name:_tags type:kotlin.collections.Map<kotlin.String, kotlin.String>? visibility:private' type=kotlin.Unit origin=null
          receiver: GET_VAR '<this>: org.hyperledger.ariesframework.credentials.repository.CredentialExchangeRecord declared in org.hyperledger.ariesframework.credentials.repository.CredentialExchangeRecord' type=org.hyperledger.ariesframework.credentials.repository.CredentialExchangeRecord origin=null
          value: GET_VAR '_tags: kotlin.collections.Map<kotlin.String, kotlin.String>? declared in org.hyperledger.ariesframework.credentials.repository.CredentialExchangeRecord.<init>' type=kotlin.collections.Map<kotlin.String, kotlin.String>? origin=null
    WHEN type=kotlin.Unit origin=null
      BRANCH
        if: CALL 'public final fun EQEQ (arg0: kotlin.Any?, arg1: kotlin.Any?): kotlin.Boolean declared in kotlin.internal.ir' type=kotlin.Boolean origin=EQEQ
          arg0: CONST Int type=kotlin.Int value=0
          arg1: CALL 'public final fun and (other: kotlin.Int): kotlin.Int [infix] declared in kotlin.Int' type=kotlin.Int origin=null
            $this: GET_VAR 'seen0: kotlin.Int declared in org.hyperledger.ariesframework.credentials.repository.CredentialExchangeRecord.<init>' type=kotlin.Int origin=null
            other: CONST Int type=kotlin.Int value=8
        then: SET_FIELD 'FIELD PROPERTY_BACKING_FIELD name:createdAt type:kotlinx.datetime.Instant visibility:private [final]' type=kotlin.Unit origin=null
          receiver: GET_VAR '<this>: org.hyperledger.ariesframework.credentials.repository.CredentialExchangeRecord declared in org.hyperledger.ariesframework.credentials.repository.CredentialExchangeRecord' type=org.hyperledger.ariesframework.credentials.repository.CredentialExchangeRecord origin=null
          value: CALL 'public open fun now (): kotlinx.datetime.Instant declared in kotlinx.datetime.Clock.System' type=kotlinx.datetime.Instant origin=null
            $this: GET_FIELD 'FIELD FIELD_FOR_OBJECT_INSTANCE name:INSTANCE type:kotlinx.datetime.Clock.System visibility:public [final,static] declared in kotlinx.datetime.Clock.System' type=kotlinx.datetime.Clock.System origin=null
      BRANCH
        if: CONST Boolean type=kotlin.Boolean value=true
        then: SET_FIELD 'FIELD PROPERTY_BACKING_FIELD name:createdAt type:kotlinx.datetime.Instant visibility:private [final]' type=kotlin.Unit origin=null
          receiver: GET_VAR '<this>: org.hyperledger.ariesframework.credentials.repository.CredentialExchangeRecord declared in org.hyperledger.ariesframework.credentials.repository.CredentialExchangeRecord' type=org.hyperledger.ariesframework.credentials.repository.CredentialExchangeRecord origin=null
          value: GET_VAR 'createdAt: kotlinx.datetime.Instant? declared in org.hyperledger.ariesframework.credentials.repository.CredentialExchangeRecord.<init>' type=kotlinx.datetime.Instant? origin=null
    WHEN type=kotlin.Unit origin=null
      BRANCH
        if: CALL 'public final fun EQEQ (arg0: kotlin.Any?, arg1: kotlin.Any?): kotlin.Boolean declared in kotlin.internal.ir' type=kotlin.Boolean origin=EQEQ
          arg0: CONST Int type=kotlin.Int value=0
          arg1: CALL 'public final fun and (other: kotlin.Int): kotlin.Int [infix] declared in kotlin.Int' type=kotlin.Int origin=null
            $this: GET_VAR 'seen0: kotlin.Int declared in org.hyperledger.ariesframework.credentials.repository.CredentialExchangeRecord.<init>' type=kotlin.Int origin=null
            other: CONST Int type=kotlin.Int value=16
        then: SET_FIELD 'FIELD PROPERTY_BACKING_FIELD name:updatedAt type:kotlinx.datetime.Instant? visibility:private' type=kotlin.Unit origin=null
          receiver: GET_VAR '<this>: org.hyperledger.ariesframework.credentials.repository.CredentialExchangeRecord declared in org.hyperledger.ariesframework.credentials.repository.CredentialExchangeRecord' type=org.hyperledger.ariesframework.credentials.repository.CredentialExchangeRecord origin=null
          value: CONST Null type=kotlin.Nothing? value=null
      BRANCH
        if: CONST Boolean type=kotlin.Boolean value=true
        then: SET_FIELD 'FIELD PROPERTY_BACKING_FIELD name:updatedAt type:kotlinx.datetime.Instant? visibility:private' type=kotlin.Unit origin=null
          receiver: GET_VAR '<this>: org.hyperledger.ariesframework.credentials.repository.CredentialExchangeRecord declared in org.hyperledger.ariesframework.credentials.repository.CredentialExchangeRecord' type=org.hyperledger.ariesframework.credentials.repository.CredentialExchangeRecord origin=null
          value: GET_VAR 'updatedAt: kotlinx.datetime.Instant? declared in org.hyperledger.ariesframework.credentials.repository.CredentialExchangeRecord.<init>' type=kotlinx.datetime.Instant? origin=null
    SET_FIELD 'FIELD PROPERTY_BACKING_FIELD name:connectionId type:kotlin.String? visibility:private' type=kotlin.Unit origin=null
      receiver: GET_VAR '<this>: org.hyperledger.ariesframework.credentials.repository.CredentialExchangeRecord declared in org.hyperledger.ariesframework.credentials.repository.CredentialExchangeRecord' type=org.hyperledger.ariesframework.credentials.repository.CredentialExchangeRecord origin=null
      value: GET_VAR 'connectionId: kotlin.String? declared in org.hyperledger.ariesframework.credentials.repository.CredentialExchangeRecord.<init>' type=kotlin.String? origin=null
    SET_FIELD 'FIELD PROPERTY_BACKING_FIELD name:threadId type:kotlin.String visibility:private' type=kotlin.Unit origin=null
      receiver: GET_VAR '<this>: org.hyperledger.ariesframework.credentials.repository.CredentialExchangeRecord declared in org.hyperledger.ariesframework.credentials.repository.CredentialExchangeRecord' type=org.hyperledger.ariesframework.credentials.repository.CredentialExchangeRecord origin=null
      value: GET_VAR 'threadId: kotlin.String? declared in org.hyperledger.ariesframework.credentials.repository.CredentialExchangeRecord.<init>' type=kotlin.String? origin=null
    WHEN type=kotlin.Unit origin=null
      BRANCH
        if: CALL 'public final fun EQEQ (arg0: kotlin.Any?, arg1: kotlin.Any?): kotlin.Boolean declared in kotlin.internal.ir' type=kotlin.Boolean origin=EQEQ
          arg0: CONST Int type=kotlin.Int value=0
          arg1: CALL 'public final fun and (other: kotlin.Int): kotlin.Int [infix] declared in kotlin.Int' type=kotlin.Int origin=null
            $this: GET_VAR 'seen0: kotlin.Int declared in org.hyperledger.ariesframework.credentials.repository.CredentialExchangeRecord.<init>' type=kotlin.Int origin=null
            other: CONST Int type=kotlin.Int value=128
        then: SET_FIELD 'FIELD PROPERTY_BACKING_FIELD name:parentThreadId type:kotlin.String? visibility:private' type=kotlin.Unit origin=null
          receiver: GET_VAR '<this>: org.hyperledger.ariesframework.credentials.repository.CredentialExchangeRecord declared in org.hyperledger.ariesframework.credentials.repository.CredentialExchangeRecord' type=org.hyperledger.ariesframework.credentials.repository.CredentialExchangeRecord origin=null
          value: CONST Null type=kotlin.Nothing? value=null
      BRANCH
        if: CONST Boolean type=kotlin.Boolean value=true
        then: SET_FIELD 'FIELD PROPERTY_BACKING_FIELD name:parentThreadId type:kotlin.String? visibility:private' type=kotlin.Unit origin=null
          receiver: GET_VAR '<this>: org.hyperledger.ariesframework.credentials.repository.CredentialExchangeRecord declared in org.hyperledger.ariesframework.credentials.repository.CredentialExchangeRecord' type=org.hyperledger.ariesframework.credentials.repository.CredentialExchangeRecord origin=null
          value: GET_VAR 'parentThreadId: kotlin.String? declared in org.hyperledger.ariesframework.credentials.repository.CredentialExchangeRecord.<init>' type=kotlin.String? origin=null
    SET_FIELD 'FIELD PROPERTY_BACKING_FIELD name:state type:org.hyperledger.ariesframework.credentials.models.CredentialState visibility:private' type=kotlin.Unit origin=null
      receiver: GET_VAR '<this>: org.hyperledger.ariesframework.credentials.repository.CredentialExchangeRecord declared in org.hyperledger.ariesframework.credentials.repository.CredentialExchangeRecord' type=org.hyperledger.ariesframework.credentials.repository.CredentialExchangeRecord origin=null
      value: GET_VAR 'state: org.hyperledger.ariesframework.credentials.models.CredentialState? declared in org.hyperledger.ariesframework.credentials.repository.CredentialExchangeRecord.<init>' type=org.hyperledger.ariesframework.credentials.models.CredentialState? origin=null
    WHEN type=kotlin.Unit origin=null
      BRANCH
        if: CALL 'public final fun EQEQ (arg0: kotlin.Any?, arg1: kotlin.Any?): kotlin.Boolean declared in kotlin.internal.ir' type=kotlin.Boolean origin=EQEQ
          arg0: CONST Int type=kotlin.Int value=0
          arg1: CALL 'public final fun and (other: kotlin.Int): kotlin.Int [infix] declared in kotlin.Int' type=kotlin.Int origin=null
            $this: GET_VAR 'seen0: kotlin.Int declared in org.hyperledger.ariesframework.credentials.repository.CredentialExchangeRecord.<init>' type=kotlin.Int origin=null
            other: CONST Int type=kotlin.Int value=512
        then: SET_FIELD 'FIELD PROPERTY_BACKING_FIELD name:autoAcceptCredential type:org.hyperledger.ariesframework.credentials.v1.models.AutoAcceptCredential? visibility:private' type=kotlin.Unit origin=null
          receiver: GET_VAR '<this>: org.hyperledger.ariesframework.credentials.repository.CredentialExchangeRecord declared in org.hyperledger.ariesframework.credentials.repository.CredentialExchangeRecord' type=org.hyperledger.ariesframework.credentials.repository.CredentialExchangeRecord origin=null
          value: CONST Null type=kotlin.Nothing? value=null
      BRANCH
        if: CONST Boolean type=kotlin.Boolean value=true
        then: SET_FIELD 'FIELD PROPERTY_BACKING_FIELD name:autoAcceptCredential type:org.hyperledger.ariesframework.credentials.v1.models.AutoAcceptCredential? visibility:private' type=kotlin.Unit origin=null
          receiver: GET_VAR '<this>: org.hyperledger.ariesframework.credentials.repository.CredentialExchangeRecord declared in org.hyperledger.ariesframework.credentials.repository.CredentialExchangeRecord' type=org.hyperledger.ariesframework.credentials.repository.CredentialExchangeRecord origin=null
          value: GET_VAR 'autoAcceptCredential: org.hyperledger.ariesframework.credentials.v1.models.AutoAcceptCredential? declared in org.hyperledger.ariesframework.credentials.repository.CredentialExchangeRecord.<init>' type=org.hyperledger.ariesframework.credentials.v1.models.AutoAcceptCredential? origin=null
    WHEN type=kotlin.Unit origin=null
      BRANCH
        if: CALL 'public final fun EQEQ (arg0: kotlin.Any?, arg1: kotlin.Any?): kotlin.Boolean declared in kotlin.internal.ir' type=kotlin.Boolean origin=EQEQ
          arg0: CONST Int type=kotlin.Int value=0
          arg1: CALL 'public final fun and (other: kotlin.Int): kotlin.Int [infix] declared in kotlin.Int' type=kotlin.Int origin=null
            $this: GET_VAR 'seen0: kotlin.Int declared in org.hyperledger.ariesframework.credentials.repository.CredentialExchangeRecord.<init>' type=kotlin.Int origin=null
            other: CONST Int type=kotlin.Int value=1024
        then: SET_FIELD 'FIELD PROPERTY_BACKING_FIELD name:errorMessage type:kotlin.String? visibility:private' type=kotlin.Unit origin=null
          receiver: GET_VAR '<this>: org.hyperledger.ariesframework.credentials.repository.CredentialExchangeRecord declared in org.hyperledger.ariesframework.credentials.repository.CredentialExchangeRecord' type=org.hyperledger.ariesframework.credentials.repository.CredentialExchangeRecord origin=null
          value: CONST Null type=kotlin.Nothing? value=null
      BRANCH
        if: CONST Boolean type=kotlin.Boolean value=true
        then: SET_FIELD 'FIELD PROPERTY_BACKING_FIELD name:errorMessage type:kotlin.String? visibility:private' type=kotlin.Unit origin=null
          receiver: GET_VAR '<this>: org.hyperledger.ariesframework.credentials.repository.CredentialExchangeRecord declared in org.hyperledger.ariesframework.credentials.repository.CredentialExchangeRecord' type=org.hyperledger.ariesframework.credentials.repository.CredentialExchangeRecord origin=null
          value: GET_VAR 'errorMessage: kotlin.String? declared in org.hyperledger.ariesframework.credentials.repository.CredentialExchangeRecord.<init>' type=kotlin.String? origin=null
    SET_FIELD 'FIELD PROPERTY_BACKING_FIELD name:protocolVersion type:kotlin.String visibility:private' type=kotlin.Unit origin=null
      receiver: GET_VAR '<this>: org.hyperledger.ariesframework.credentials.repository.CredentialExchangeRecord declared in org.hyperledger.ariesframework.credentials.repository.CredentialExchangeRecord' type=org.hyperledger.ariesframework.credentials.repository.CredentialExchangeRecord origin=null
      value: GET_VAR 'protocolVersion: kotlin.String? declared in org.hyperledger.ariesframework.credentials.repository.CredentialExchangeRecord.<init>' type=kotlin.String? origin=null
    WHEN type=kotlin.Unit origin=null
      BRANCH
        if: CALL 'public final fun EQEQ (arg0: kotlin.Any?, arg1: kotlin.Any?): kotlin.Boolean declared in kotlin.internal.ir' type=kotlin.Boolean origin=EQEQ
          arg0: CONST Int type=kotlin.Int value=0
          arg1: CALL 'public final fun and (other: kotlin.Int): kotlin.Int [infix] declared in kotlin.Int' type=kotlin.Int origin=null
            $this: GET_VAR 'seen0: kotlin.Int declared in org.hyperledger.ariesframework.credentials.repository.CredentialExchangeRecord.<init>' type=kotlin.Int origin=null
            other: CONST Int type=kotlin.Int value=4096
        then: SET_FIELD 'FIELD PROPERTY_BACKING_FIELD name:credentials type:kotlin.collections.MutableList<org.hyperledger.ariesframework.credentials.repository.CredentialRecordBinding> visibility:private' type=kotlin.Unit origin=null
          receiver: GET_VAR '<this>: org.hyperledger.ariesframework.credentials.repository.CredentialExchangeRecord declared in org.hyperledger.ariesframework.credentials.repository.CredentialExchangeRecord' type=org.hyperledger.ariesframework.credentials.repository.CredentialExchangeRecord origin=null
          value: CALL 'public final fun mutableListOf <T> (): kotlin.collections.MutableList<T of kotlin.collections.CollectionsKt.mutableListOf> [inline] declared in kotlin.collections.CollectionsKt' type=kotlin.collections.MutableList<org.hyperledger.ariesframework.credentials.repository.CredentialRecordBinding> origin=null
            <T>: org.hyperledger.ariesframework.credentials.repository.CredentialRecordBinding
      BRANCH
        if: CONST Boolean type=kotlin.Boolean value=true
        then: SET_FIELD 'FIELD PROPERTY_BACKING_FIELD name:credentials type:kotlin.collections.MutableList<org.hyperledger.ariesframework.credentials.repository.CredentialRecordBinding> visibility:private' type=kotlin.Unit origin=null
          receiver: GET_VAR '<this>: org.hyperledger.ariesframework.credentials.repository.CredentialExchangeRecord declared in org.hyperledger.ariesframework.credentials.repository.CredentialExchangeRecord' type=org.hyperledger.ariesframework.credentials.repository.CredentialExchangeRecord origin=null
          value: GET_VAR 'credentials: kotlin.collections.MutableList<org.hyperledger.ariesframework.credentials.repository.CredentialRecordBinding>? declared in org.hyperledger.ariesframework.credentials.repository.CredentialExchangeRecord.<init>' type=kotlin.collections.MutableList<org.hyperledger.ariesframework.credentials.repository.CredentialRecordBinding>? origin=null
    WHEN type=kotlin.Unit origin=null
      BRANCH
        if: CALL 'public final fun EQEQ (arg0: kotlin.Any?, arg1: kotlin.Any?): kotlin.Boolean declared in kotlin.internal.ir' type=kotlin.Boolean origin=EQEQ
          arg0: CONST Int type=kotlin.Int value=0
          arg1: CALL 'public final fun and (other: kotlin.Int): kotlin.Int [infix] declared in kotlin.Int' type=kotlin.Int origin=null
            $this: GET_VAR 'seen0: kotlin.Int declared in org.hyperledger.ariesframework.credentials.repository.CredentialExchangeRecord.<init>' type=kotlin.Int origin=null
            other: CONST Int type=kotlin.Int value=8192
        then: SET_FIELD 'FIELD PROPERTY_BACKING_FIELD name:credentialAttributes type:kotlin.collections.List<org.hyperledger.ariesframework.credentials.models.CredentialPreviewAttribute>? visibility:private' type=kotlin.Unit origin=null
          receiver: GET_VAR '<this>: org.hyperledger.ariesframework.credentials.repository.CredentialExchangeRecord declared in org.hyperledger.ariesframework.credentials.repository.CredentialExchangeRecord' type=org.hyperledger.ariesframework.credentials.repository.CredentialExchangeRecord origin=null
          value: CONST Null type=kotlin.Nothing? value=null
      BRANCH
        if: CONST Boolean type=kotlin.Boolean value=true
        then: SET_FIELD 'FIELD PROPERTY_BACKING_FIELD name:credentialAttributes type:kotlin.collections.List<org.hyperledger.ariesframework.credentials.models.CredentialPreviewAttribute>? visibility:private' type=kotlin.Unit origin=null
          receiver: GET_VAR '<this>: org.hyperledger.ariesframework.credentials.repository.CredentialExchangeRecord declared in org.hyperledger.ariesframework.credentials.repository.CredentialExchangeRecord' type=org.hyperledger.ariesframework.credentials.repository.CredentialExchangeRecord origin=null
          value: GET_VAR 'credentialAttributes: kotlin.collections.List<org.hyperledger.ariesframework.credentials.models.CredentialPreviewAttribute>? declared in org.hyperledger.ariesframework.credentials.repository.CredentialExchangeRecord.<init>' type=kotlin.collections.List<org.hyperledger.ariesframework.credentials.models.CredentialPreviewAttribute>? origin=null
    WHEN type=kotlin.Unit origin=null
      BRANCH
        if: CALL 'public final fun EQEQ (arg0: kotlin.Any?, arg1: kotlin.Any?): kotlin.Boolean declared in kotlin.internal.ir' type=kotlin.Boolean origin=EQEQ
          arg0: CONST Int type=kotlin.Int value=0
          arg1: CALL 'public final fun and (other: kotlin.Int): kotlin.Int [infix] declared in kotlin.Int' type=kotlin.Int origin=null
            $this: GET_VAR 'seen0: kotlin.Int declared in org.hyperledger.ariesframework.credentials.repository.CredentialExchangeRecord.<init>' type=kotlin.Int origin=null
            other: CONST Int type=kotlin.Int value=16384
        then: SET_FIELD 'FIELD PROPERTY_BACKING_FIELD name:indyRequestMetadata type:kotlin.String? visibility:private' type=kotlin.Unit origin=null
          receiver: GET_VAR '<this>: org.hyperledger.ariesframework.credentials.repository.CredentialExchangeRecord declared in org.hyperledger.ariesframework.credentials.repository.CredentialExchangeRecord' type=org.hyperledger.ariesframework.credentials.repository.CredentialExchangeRecord origin=null
          value: CONST Null type=kotlin.Nothing? value=null
      BRANCH
        if: CONST Boolean type=kotlin.Boolean value=true
        then: SET_FIELD 'FIELD PROPERTY_BACKING_FIELD name:indyRequestMetadata type:kotlin.String? visibility:private' type=kotlin.Unit origin=null
          receiver: GET_VAR '<this>: org.hyperledger.ariesframework.credentials.repository.CredentialExchangeRecord declared in org.hyperledger.ariesframework.credentials.repository.CredentialExchangeRecord' type=org.hyperledger.ariesframework.credentials.repository.CredentialExchangeRecord origin=null
          value: GET_VAR 'indyRequestMetadata: kotlin.String? declared in org.hyperledger.ariesframework.credentials.repository.CredentialExchangeRecord.<init>' type=kotlin.String? origin=null
    WHEN type=kotlin.Unit origin=null
      BRANCH
        if: CALL 'public final fun EQEQ (arg0: kotlin.Any?, arg1: kotlin.Any?): kotlin.Boolean declared in kotlin.internal.ir' type=kotlin.Boolean origin=EQEQ
          arg0: CONST Int type=kotlin.Int value=0
          arg1: CALL 'public final fun and (other: kotlin.Int): kotlin.Int [infix] declared in kotlin.Int' type=kotlin.Int origin=null
            $this: GET_VAR 'seen0: kotlin.Int declared in org.hyperledger.ariesframework.credentials.repository.CredentialExchangeRecord.<init>' type=kotlin.Int origin=null
            other: CONST Int type=kotlin.Int value=32768
        then: SET_FIELD 'FIELD PROPERTY_BACKING_FIELD name:credentialDefinitionId type:kotlin.String? visibility:private' type=kotlin.Unit origin=null
          receiver: GET_VAR '<this>: org.hyperledger.ariesframework.credentials.repository.CredentialExchangeRecord declared in org.hyperledger.ariesframework.credentials.repository.CredentialExchangeRecord' type=org.hyperledger.ariesframework.credentials.repository.CredentialExchangeRecord origin=null
          value: CONST Null type=kotlin.Nothing? value=null
      BRANCH
        if: CONST Boolean type=kotlin.Boolean value=true
        then: SET_FIELD 'FIELD PROPERTY_BACKING_FIELD name:credentialDefinitionId type:kotlin.String? visibility:private' type=kotlin.Unit origin=null
          receiver: GET_VAR '<this>: org.hyperledger.ariesframework.credentials.repository.CredentialExchangeRecord declared in org.hyperledger.ariesframework.credentials.repository.CredentialExchangeRecord' type=org.hyperledger.ariesframework.credentials.repository.CredentialExchangeRecord origin=null
          value: GET_VAR 'credentialDefinitionId: kotlin.String? declared in org.hyperledger.ariesframework.credentials.repository.CredentialExchangeRecord.<init>' type=kotlin.String? origin=null
    WHEN type=kotlin.Unit origin=null
      BRANCH
        if: CALL 'public final fun EQEQ (arg0: kotlin.Any?, arg1: kotlin.Any?): kotlin.Boolean declared in kotlin.internal.ir' type=kotlin.Boolean origin=EQEQ
          arg0: CONST Int type=kotlin.Int value=0
          arg1: CALL 'public final fun and (other: kotlin.Int): kotlin.Int [infix] declared in kotlin.Int' type=kotlin.Int origin=null
            $this: GET_VAR 'seen0: kotlin.Int declared in org.hyperledger.ariesframework.credentials.repository.CredentialExchangeRecord.<init>' type=kotlin.Int origin=null
            other: CONST Int type=kotlin.Int value=65536
        then: SET_FIELD 'FIELD PROPERTY_BACKING_FIELD name:schemaId type:kotlin.String? visibility:private' type=kotlin.Unit origin=null
          receiver: GET_VAR '<this>: org.hyperledger.ariesframework.credentials.repository.CredentialExchangeRecord declared in org.hyperledger.ariesframework.credentials.repository.CredentialExchangeRecord' type=org.hyperledger.ariesframework.credentials.repository.CredentialExchangeRecord origin=null
          value: CONST Null type=kotlin.Nothing? value=null
      BRANCH
        if: CONST Boolean type=kotlin.Boolean value=true
        then: SET_FIELD 'FIELD PROPERTY_BACKING_FIELD name:schemaId type:kotlin.String? visibility:private' type=kotlin.Unit origin=null
          receiver: GET_VAR '<this>: org.hyperledger.ariesframework.credentials.repository.CredentialExchangeRecord declared in org.hyperledger.ariesframework.credentials.repository.CredentialExchangeRecord' type=org.hyperledger.ariesframework.credentials.repository.CredentialExchangeRecord origin=null
          value: GET_VAR 'schemaId: kotlin.String? declared in org.hyperledger.ariesframework.credentials.repository.CredentialExchangeRecord.<init>' type=kotlin.String? origin=null
    WHEN type=kotlin.Unit origin=null
      BRANCH
        if: CALL 'public final fun EQEQ (arg0: kotlin.Any?, arg1: kotlin.Any?): kotlin.Boolean declared in kotlin.internal.ir' type=kotlin.Boolean origin=EQEQ
          arg0: CONST Int type=kotlin.Int value=0
          arg1: CALL 'public final fun and (other: kotlin.Int): kotlin.Int [infix] declared in kotlin.Int' type=kotlin.Int origin=null
            $this: GET_VAR 'seen0: kotlin.Int declared in org.hyperledger.ariesframework.credentials.repository.CredentialExchangeRecord.<init>' type=kotlin.Int origin=null
            other: CONST Int type=kotlin.Int value=131072
        then: SET_FIELD 'FIELD PROPERTY_BACKING_FIELD name:schemaName type:kotlin.String? visibility:private' type=kotlin.Unit origin=null
          receiver: GET_VAR '<this>: org.hyperledger.ariesframework.credentials.repository.CredentialExchangeRecord declared in org.hyperledger.ariesframework.credentials.repository.CredentialExchangeRecord' type=org.hyperledger.ariesframework.credentials.repository.CredentialExchangeRecord origin=null
          value: CONST Null type=kotlin.Nothing? value=null
      BRANCH
        if: CONST Boolean type=kotlin.Boolean value=true
        then: SET_FIELD 'FIELD PROPERTY_BACKING_FIELD name:schemaName type:kotlin.String? visibility:private' type=kotlin.Unit origin=null
          receiver: GET_VAR '<this>: org.hyperledger.ariesframework.credentials.repository.CredentialExchangeRecord declared in org.hyperledger.ariesframework.credentials.repository.CredentialExchangeRecord' type=org.hyperledger.ariesframework.credentials.repository.CredentialExchangeRecord origin=null
          value: GET_VAR 'schemaName: kotlin.String? declared in org.hyperledger.ariesframework.credentials.repository.CredentialExchangeRecord.<init>' type=kotlin.String? origin=null
    WHEN type=kotlin.Unit origin=null
      BRANCH
        if: CALL 'public final fun EQEQ (arg0: kotlin.Any?, arg1: kotlin.Any?): kotlin.Boolean declared in kotlin.internal.ir' type=kotlin.Boolean origin=EQEQ
          arg0: CONST Int type=kotlin.Int value=0
          arg1: CALL 'public final fun and (other: kotlin.Int): kotlin.Int [infix] declared in kotlin.Int' type=kotlin.Int origin=null
            $this: GET_VAR 'seen0: kotlin.Int declared in org.hyperledger.ariesframework.credentials.repository.CredentialExchangeRecord.<init>' type=kotlin.Int origin=null
            other: CONST Int type=kotlin.Int value=262144
        then: SET_FIELD 'FIELD PROPERTY_BACKING_FIELD name:schemaVersion type:kotlin.String? visibility:private' type=kotlin.Unit origin=null
          receiver: GET_VAR '<this>: org.hyperledger.ariesframework.credentials.repository.CredentialExchangeRecord declared in org.hyperledger.ariesframework.credentials.repository.CredentialExchangeRecord' type=org.hyperledger.ariesframework.credentials.repository.CredentialExchangeRecord origin=null
          value: CONST Null type=kotlin.Nothing? value=null
      BRANCH
        if: CONST Boolean type=kotlin.Boolean value=true
        then: SET_FIELD 'FIELD PROPERTY_BACKING_FIELD name:schemaVersion type:kotlin.String? visibility:private' type=kotlin.Unit origin=null
          receiver: GET_VAR '<this>: org.hyperledger.ariesframework.credentials.repository.CredentialExchangeRecord declared in org.hyperledger.ariesframework.credentials.repository.CredentialExchangeRecord' type=org.hyperledger.ariesframework.credentials.repository.CredentialExchangeRecord origin=null
          value: GET_VAR 'schemaVersion: kotlin.String? declared in org.hyperledger.ariesframework.credentials.repository.CredentialExchangeRecord.<init>' type=kotlin.String? origin=null
    WHEN type=kotlin.Unit origin=null
      BRANCH
        if: CALL 'public final fun EQEQ (arg0: kotlin.Any?, arg1: kotlin.Any?): kotlin.Boolean declared in kotlin.internal.ir' type=kotlin.Boolean origin=EQEQ
          arg0: CONST Int type=kotlin.Int value=0
          arg1: CALL 'public final fun and (other: kotlin.Int): kotlin.Int [infix] declared in kotlin.Int' type=kotlin.Int origin=null
            $this: GET_VAR 'seen0: kotlin.Int declared in org.hyperledger.ariesframework.credentials.repository.CredentialExchangeRecord.<init>' type=kotlin.Int origin=null
            other: CONST Int type=kotlin.Int value=524288
        then: SET_FIELD 'FIELD PROPERTY_BACKING_FIELD name:schemaIssuerId type:kotlin.String? visibility:private' type=kotlin.Unit origin=null
          receiver: GET_VAR '<this>: org.hyperledger.ariesframework.credentials.repository.CredentialExchangeRecord declared in org.hyperledger.ariesframework.credentials.repository.CredentialExchangeRecord' type=org.hyperledger.ariesframework.credentials.repository.CredentialExchangeRecord origin=null
          value: CONST Null type=kotlin.Nothing? value=null
      BRANCH
        if: CONST Boolean type=kotlin.Boolean value=true
        then: SET_FIELD 'FIELD PROPERTY_BACKING_FIELD name:schemaIssuerId type:kotlin.String? visibility:private' type=kotlin.Unit origin=null
          receiver: GET_VAR '<this>: org.hyperledger.ariesframework.credentials.repository.CredentialExchangeRecord declared in org.hyperledger.ariesframework.credentials.repository.CredentialExchangeRecord' type=org.hyperledger.ariesframework.credentials.repository.CredentialExchangeRecord origin=null
          value: GET_VAR 'schemaIssuerId: kotlin.String? declared in org.hyperledger.ariesframework.credentials.repository.CredentialExchangeRecord.<init>' type=kotlin.String? origin=null
    WHEN type=kotlin.Unit origin=null
      BRANCH
        if: CALL 'public final fun EQEQ (arg0: kotlin.Any?, arg1: kotlin.Any?): kotlin.Boolean declared in kotlin.internal.ir' type=kotlin.Boolean origin=EQEQ
          arg0: CONST Int type=kotlin.Int value=0
          arg1: CALL 'public final fun and (other: kotlin.Int): kotlin.Int [infix] declared in kotlin.Int' type=kotlin.Int origin=null
            $this: GET_VAR 'seen0: kotlin.Int declared in org.hyperledger.ariesframework.credentials.repository.CredentialExchangeRecord.<init>' type=kotlin.Int origin=null
            other: CONST Int type=kotlin.Int value=1048576
        then: SET_FIELD 'FIELD PROPERTY_BACKING_FIELD name:revRegId type:kotlin.String? visibility:private' type=kotlin.Unit origin=null
          receiver: GET_VAR '<this>: org.hyperledger.ariesframework.credentials.repository.CredentialExchangeRecord declared in org.hyperledger.ariesframework.credentials.repository.CredentialExchangeRecord' type=org.hyperledger.ariesframework.credentials.repository.CredentialExchangeRecord origin=null
          value: CONST Null type=kotlin.Nothing? value=null
      BRANCH
        if: CONST Boolean type=kotlin.Boolean value=true
        then: SET_FIELD 'FIELD PROPERTY_BACKING_FIELD name:revRegId type:kotlin.String? visibility:private' type=kotlin.Unit origin=null
          receiver: GET_VAR '<this>: org.hyperledger.ariesframework.credentials.repository.CredentialExchangeRecord declared in org.hyperledger.ariesframework.credentials.repository.CredentialExchangeRecord' type=org.hyperledger.ariesframework.credentials.repository.CredentialExchangeRecord origin=null
          value: GET_VAR 'revRegId: kotlin.String? declared in org.hyperledger.ariesframework.credentials.repository.CredentialExchangeRecord.<init>' type=kotlin.String? origin=null
    WHEN type=kotlin.Unit origin=null
      BRANCH
        if: CALL 'public final fun EQEQ (arg0: kotlin.Any?, arg1: kotlin.Any?): kotlin.Boolean declared in kotlin.internal.ir' type=kotlin.Boolean origin=EQEQ
          arg0: CONST Int type=kotlin.Int value=0
          arg1: CALL 'public final fun and (other: kotlin.Int): kotlin.Int [infix] declared in kotlin.Int' type=kotlin.Int origin=null
            $this: GET_VAR 'seen0: kotlin.Int declared in org.hyperledger.ariesframework.credentials.repository.CredentialExchangeRecord.<init>' type=kotlin.Int origin=null
            other: CONST Int type=kotlin.Int value=2097152
        then: SET_FIELD 'FIELD PROPERTY_BACKING_FIELD name:revRegDefId type:kotlin.String? visibility:private' type=kotlin.Unit origin=null
          receiver: GET_VAR '<this>: org.hyperledger.ariesframework.credentials.repository.CredentialExchangeRecord declared in org.hyperledger.ariesframework.credentials.repository.CredentialExchangeRecord' type=org.hyperledger.ariesframework.credentials.repository.CredentialExchangeRecord origin=null
          value: CONST Null type=kotlin.Nothing? value=null
      BRANCH
        if: CONST Boolean type=kotlin.Boolean value=true
        then: SET_FIELD 'FIELD PROPERTY_BACKING_FIELD name:revRegDefId type:kotlin.String? visibility:private' type=kotlin.Unit origin=null
          receiver: GET_VAR '<this>: org.hyperledger.ariesframework.credentials.repository.CredentialExchangeRecord declared in org.hyperledger.ariesframework.credentials.repository.CredentialExchangeRecord' type=org.hyperledger.ariesframework.credentials.repository.CredentialExchangeRecord origin=null
          value: GET_VAR 'revRegDefId: kotlin.String? declared in org.hyperledger.ariesframework.credentials.repository.CredentialExchangeRecord.<init>' type=kotlin.String? origin=null
    WHEN type=kotlin.Unit origin=null
      BRANCH
        if: CALL 'public final fun EQEQ (arg0: kotlin.Any?, arg1: kotlin.Any?): kotlin.Boolean declared in kotlin.internal.ir' type=kotlin.Boolean origin=EQEQ
          arg0: CONST Int type=kotlin.Int value=0
          arg1: CALL 'public final fun and (other: kotlin.Int): kotlin.Int [infix] declared in kotlin.Int' type=kotlin.Int origin=null
            $this: GET_VAR 'seen0: kotlin.Int declared in org.hyperledger.ariesframework.credentials.repository.CredentialExchangeRecord.<init>' type=kotlin.Int origin=null
            other: CONST Int type=kotlin.Int value=4194304
        then: SET_FIELD 'FIELD PROPERTY_BACKING_FIELD name:role type:org.hyperledger.ariesframework.credentials.models.CredentialRole? visibility:private' type=kotlin.Unit origin=null
          receiver: GET_VAR '<this>: org.hyperledger.ariesframework.credentials.repository.CredentialExchangeRecord declared in org.hyperledger.ariesframework.credentials.repository.CredentialExchangeRecord' type=org.hyperledger.ariesframework.credentials.repository.CredentialExchangeRecord origin=null
          value: CONST Null type=kotlin.Nothing? value=null
      BRANCH
        if: CONST Boolean type=kotlin.Boolean value=true
        then: SET_FIELD 'FIELD PROPERTY_BACKING_FIELD name:role type:org.hyperledger.ariesframework.credentials.models.CredentialRole? visibility:private' type=kotlin.Unit origin=null
          receiver: GET_VAR '<this>: org.hyperledger.ariesframework.credentials.repository.CredentialExchangeRecord declared in org.hyperledger.ariesframework.credentials.repository.CredentialExchangeRecord' type=org.hyperledger.ariesframework.credentials.repository.CredentialExchangeRecord origin=null
          value: GET_VAR 'role: org.hyperledger.ariesframework.credentials.models.CredentialRole? declared in org.hyperledger.ariesframework.credentials.repository.CredentialExchangeRecord.<init>' type=org.hyperledger.ariesframework.credentials.models.CredentialRole? origin=null
    WHEN type=kotlin.Unit origin=null
      BRANCH
        if: CALL 'public final fun EQEQ (arg0: kotlin.Any?, arg1: kotlin.Any?): kotlin.Boolean declared in kotlin.internal.ir' type=kotlin.Boolean origin=EQEQ
          arg0: CONST Int type=kotlin.Int value=0
          arg1: CALL 'public final fun and (other: kotlin.Int): kotlin.Int [infix] declared in kotlin.Int' type=kotlin.Int origin=null
            $this: GET_VAR 'seen0: kotlin.Int declared in org.hyperledger.ariesframework.credentials.repository.CredentialExchangeRecord.<init>' type=kotlin.Int origin=null
            other: CONST Int type=kotlin.Int value=8388608
        then: SET_FIELD 'FIELD PROPERTY_BACKING_FIELD name:revocationNotification type:org.hyperledger.ariesframework.revocationnotification.model.RevocationNotification? visibility:private' type=kotlin.Unit origin=null
          receiver: GET_VAR '<this>: org.hyperledger.ariesframework.credentials.repository.CredentialExchangeRecord declared in org.hyperledger.ariesframework.credentials.repository.CredentialExchangeRecord' type=org.hyperledger.ariesframework.credentials.repository.CredentialExchangeRecord origin=null
          value: CONST Null type=kotlin.Nothing? value=null
      BRANCH
        if: CONST Boolean type=kotlin.Boolean value=true
        then: SET_FIELD 'FIELD PROPERTY_BACKING_FIELD name:revocationNotification type:org.hyperledger.ariesframework.revocationnotification.model.RevocationNotification? visibility:private' type=kotlin.Unit origin=null
          receiver: GET_VAR '<this>: org.hyperledger.ariesframework.credentials.repository.CredentialExchangeRecord declared in org.hyperledger.ariesframework.credentials.repository.CredentialExchangeRecord' type=org.hyperledger.ariesframework.credentials.repository.CredentialExchangeRecord origin=null
          value: GET_VAR 'revocationNotification: org.hyperledger.ariesframework.revocationnotification.model.RevocationNotification? declared in org.hyperledger.ariesframework.credentials.repository.CredentialExchangeRecord.<init>' type=org.hyperledger.ariesframework.revocationnotification.model.RevocationNotification? origin=null
    WHEN type=kotlin.Unit origin=null
      BRANCH
        if: CALL 'public final fun EQEQ (arg0: kotlin.Any?, arg1: kotlin.Any?): kotlin.Boolean declared in kotlin.internal.ir' type=kotlin.Boolean origin=EQEQ
          arg0: CONST Int type=kotlin.Int value=0
          arg1: CALL 'public final fun and (other: kotlin.Int): kotlin.Int [infix] declared in kotlin.Int' type=kotlin.Int origin=null
            $this: GET_VAR 'seen0: kotlin.Int declared in org.hyperledger.ariesframework.credentials.repository.CredentialExchangeRecord.<init>' type=kotlin.Int origin=null
            other: CONST Int type=kotlin.Int value=16777216
        then: SET_FIELD 'FIELD PROPERTY_BACKING_FIELD name:formats type:kotlin.collections.List<org.hyperledger.ariesframework.credentials.v2.models.Format>? visibility:private' type=kotlin.Unit origin=null
          receiver: GET_VAR '<this>: org.hyperledger.ariesframework.credentials.repository.CredentialExchangeRecord declared in org.hyperledger.ariesframework.credentials.repository.CredentialExchangeRecord' type=org.hyperledger.ariesframework.credentials.repository.CredentialExchangeRecord origin=null
          value: CALL 'public final fun emptyList <T> (): kotlin.collections.List<T of kotlin.collections.CollectionsKt.emptyList> declared in kotlin.collections.CollectionsKt' type=kotlin.collections.List<org.hyperledger.ariesframework.credentials.v2.models.Format> origin=null
            <T>: org.hyperledger.ariesframework.credentials.v2.models.Format
      BRANCH
        if: CONST Boolean type=kotlin.Boolean value=true
        then: SET_FIELD 'FIELD PROPERTY_BACKING_FIELD name:formats type:kotlin.collections.List<org.hyperledger.ariesframework.credentials.v2.models.Format>? visibility:private' type=kotlin.Unit origin=null
          receiver: GET_VAR '<this>: org.hyperledger.ariesframework.credentials.repository.CredentialExchangeRecord declared in org.hyperledger.ariesframework.credentials.repository.CredentialExchangeRecord' type=org.hyperledger.ariesframework.credentials.repository.CredentialExchangeRecord origin=null
          value: GET_VAR 'formats: kotlin.collections.List<org.hyperledger.ariesframework.credentials.v2.models.Format>? declared in org.hyperledger.ariesframework.credentials.repository.CredentialExchangeRecord.<init>' type=kotlin.collections.List<org.hyperledger.ariesframework.credentials.v2.models.Format>? origin=null

	at org.jetbrains.kotlin.backend.jvm.codegen.FunctionCodegen.generate(FunctionCodegen.kt:48)
	at org.jetbrains.kotlin.backend.jvm.codegen.FunctionCodegen.generate$default(FunctionCodegen.kt:41)
	at org.jetbrains.kotlin.backend.jvm.codegen.ClassCodegen.generateMethodNode(ClassCodegen.kt:407)
	at org.jetbrains.kotlin.backend.jvm.codegen.ClassCodegen.generateMethod(ClassCodegen.kt:424)
	at org.jetbrains.kotlin.backend.jvm.codegen.ClassCodegen.generate(ClassCodegen.kt:169)
	at org.jetbrains.kotlin.backend.jvm.FileCodegen.lower(JvmPhases.kt:39)
	at org.jetbrains.kotlin.backend.common.phaser.PhaseFactoriesKt.createFilePhase$lambda$4(PhaseFactories.kt:71)
	at org.jetbrains.kotlin.backend.common.phaser.PhaseBuildersKt$createSimpleNamedCompilerPhase$1.phaseBody(PhaseBuilders.kt:69)
	at org.jetbrains.kotlin.backend.common.phaser.SimpleNamedCompilerPhase.phaseBody(CompilerPhase.kt:226)
	at org.jetbrains.kotlin.backend.common.phaser.AbstractNamedCompilerPhase.invoke(CompilerPhase.kt:113)
	at org.jetbrains.kotlin.backend.common.phaser.PerformByIrFilePhase.invokeSequential(performByIrFile.kt:52)
	... 47 more
Caused by: java.lang.IllegalStateException: Null argument in ExpressionCodegen for parameter VALUE_PARAMETER name:serializationConstructorMarker index:3 type:kotlinx.serialization.internal.SerializationConstructorMarker?
	at org.jetbrains.kotlin.backend.jvm.codegen.ExpressionCodegen.generateConstructorArguments(ExpressionCodegen.kt:715)
	at org.jetbrains.kotlin.backend.jvm.codegen.ExpressionCodegen.visitDelegatingConstructorCall(ExpressionCodegen.kt:681)
	at org.jetbrains.kotlin.backend.jvm.codegen.ExpressionCodegen.visitDelegatingConstructorCall(ExpressionCodegen.kt:134)
	at org.jetbrains.kotlin.ir.expressions.IrDelegatingConstructorCall.accept(IrDelegatingConstructorCall.kt:21)
	at org.jetbrains.kotlin.backend.jvm.codegen.ExpressionCodegen.visitStatementContainer(ExpressionCodegen.kt:524)
	at org.jetbrains.kotlin.backend.jvm.codegen.ExpressionCodegen.visitBlockBody(ExpressionCodegen.kt:529)
	at org.jetbrains.kotlin.backend.jvm.codegen.ExpressionCodegen.visitBlockBody(ExpressionCodegen.kt:134)
	at org.jetbrains.kotlin.ir.expressions.IrBlockBody.accept(IrBlockBody.kt:20)
	at org.jetbrains.kotlin.backend.jvm.codegen.ExpressionCodegen.generate(ExpressionCodegen.kt:236)
	at org.jetbrains.kotlin.backend.jvm.codegen.FunctionCodegen.doGenerate(FunctionCodegen.kt:124)
	at org.jetbrains.kotlin.backend.jvm.codegen.FunctionCodegen.generate(FunctionCodegen.kt:45)
	... 57 more


